// Jest Snapshot v1, https://goo.gl/fbAQLP

exports[` Test for dragon component Check if dragon component renders 1`] = `
<li>
  <div
    className="image_container"
  >
    <img
      alt="Dragon 1"
      className="dragon_image"
      src="<img src=\\"https://i.imgur.com/9fWdwNv.jpg\\" alt=\\"Dragon 1\\" class=\\"dragon_image\\">"
    />
  </div>
  <div
    className="description-container"
  >
    <h3
      className="title"
    >
      Dragon 1
    </h3>
    <h5
      className="type"
    >
      (
      capsule
      )
    </h5>
    <p>
      Dragon is a reusable spacecraft developed by SpaceX, an American private space transportation company based in Hawthorne, California. Dragon is launched into space by the SpaceX Falcon 9 two-stage-to-orbit launch vehicle. The Dragon spacecraft was originally designed for human travel, but so far has only been used to deliver cargo to the International Space Station (ISS)
    </p>
    <button
      className="reserve"
      onClick={[Function]}
      type="button"
    >
      Reserve Dragon
    </button>
  </div>
</li>
`;
