// Jest Snapshot v1, https://goo.gl/fbAQLP

exports[`A test for missions component Check if it renders correctly 1`] = `
<section
  className="super-mission"
>
  <div
    className="header-container"
  >
    <p>
      Mission
    </p>
    <p
      className="hola"
    >
      Description
    </p>
    <p
      className="status"
    >
      Status
    </p>
    <p
      className="join"
    >
      Join
    </p>
  </div>
  <ul
    className="mission-container>"
  />
</section>
`;

exports[`A test for missions component Check whether mission component renders 1`] = `
<section
  className="super-mission"
>
  <div
    className="header-container"
  >
    <p>
      Mission
    </p>
    <p
      className="hola"
    >
      Description
    </p>
    <p
      className="status"
    >
      Status
    </p>
    <p
      className="join"
    >
      Join
    </p>
  </div>
  <ul
    className="mission-container>"
  />
</section>
`;
